// Jest Snapshot v1, https://goo.gl/fbAQLP

exports[`renders learn react link 1`] = `
Object {
  "asFragment": [Function],
  "baseElement": <body>
    <div>
      <div
        class="app__container"
      >
        <form
          class="c-row"
        >
          <div
            class="c-field"
          >
            <label
              class="c-label"
              for="name"
            >
               
              <strong>
                 
                name
              </strong>
            </label>
            <input
              class="c-input"
              data-testid="custom-input"
              min="0"
              name="name"
              type="text"
              value=""
            />
          </div>
          <div
            class="c-field"
          >
            <label
              class="c-label"
              for="value"
            >
               
              <strong>
                 
                value
              </strong>
            </label>
            <input
              class="c-input"
              data-testid="custom-input"
              min="0"
              name="value"
              type="number"
              value=""
            />
          </div>
          <button
            class="c-cta"
            disabled=""
            type="submit"
          >
            Add
          </button>
        </form>
        <div
          class="barchart__container"
          id="js-barchart"
        >
          <svg
            height="100%"
            transform="translate(-35,0)"
            width="100%"
          />
        </div>
      </div>
    </div>
  </body>,
  "container": <div>
    <div
      class="app__container"
    >
      <form
        class="c-row"
      >
        <div
          class="c-field"
        >
          <label
            class="c-label"
            for="name"
          >
             
            <strong>
               
              name
            </strong>
          </label>
          <input
            class="c-input"
            data-testid="custom-input"
            min="0"
            name="name"
            type="text"
            value=""
          />
        </div>
        <div
          class="c-field"
        >
          <label
            class="c-label"
            for="value"
          >
             
            <strong>
               
              value
            </strong>
          </label>
          <input
            class="c-input"
            data-testid="custom-input"
            min="0"
            name="value"
            type="number"
            value=""
          />
        </div>
        <button
          class="c-cta"
          disabled=""
          type="submit"
        >
          Add
        </button>
      </form>
      <div
        class="barchart__container"
        id="js-barchart"
      >
        <svg
          height="100%"
          transform="translate(-35,0)"
          width="100%"
        />
      </div>
    </div>
  </div>,
  "debug": [Function],
  "findAllByAltText": [Function],
  "findAllByDisplayValue": [Function],
  "findAllByLabelText": [Function],
  "findAllByPlaceholderText": [Function],
  "findAllByRole": [Function],
  "findAllByTestId": [Function],
  "findAllByText": [Function],
  "findAllByTitle": [Function],
  "findByAltText": [Function],
  "findByDisplayValue": [Function],
  "findByLabelText": [Function],
  "findByPlaceholderText": [Function],
  "findByRole": [Function],
  "findByTestId": [Function],
  "findByText": [Function],
  "findByTitle": [Function],
  "getAllByAltText": [Function],
  "getAllByDisplayValue": [Function],
  "getAllByLabelText": [Function],
  "getAllByPlaceholderText": [Function],
  "getAllByRole": [Function],
  "getAllByTestId": [Function],
  "getAllByText": [Function],
  "getAllByTitle": [Function],
  "getByAltText": [Function],
  "getByDisplayValue": [Function],
  "getByLabelText": [Function],
  "getByPlaceholderText": [Function],
  "getByRole": [Function],
  "getByTestId": [Function],
  "getByText": [Function],
  "getByTitle": [Function],
  "queryAllByAltText": [Function],
  "queryAllByDisplayValue": [Function],
  "queryAllByLabelText": [Function],
  "queryAllByPlaceholderText": [Function],
  "queryAllByRole": [Function],
  "queryAllByTestId": [Function],
  "queryAllByText": [Function],
  "queryAllByTitle": [Function],
  "queryByAltText": [Function],
  "queryByDisplayValue": [Function],
  "queryByLabelText": [Function],
  "queryByPlaceholderText": [Function],
  "queryByRole": [Function],
  "queryByTestId": [Function],
  "queryByText": [Function],
  "queryByTitle": [Function],
  "rerender": [Function],
  "unmount": [Function],
}
`;
